node : ERROR: ApiError: {"e
rror":{"code":429,"message"
:"You exceeded your 
current quota, please 
check your plan and 
billing details. For more 
information on this error, 
head to: https://ai.google.
dev/gemini-api/docs/rate-li
mits. To monitor your 
current usage, head to: 
https://ai.dev/rate-limit. 
\n* Quota exceeded for 
metric: generativelanguage.
googleapis.com/generate_con
tent_free_tier_input_token_
count, limit: 0, model: 
gemini-2.5-pro\n* Quota 
exceeded for metric: genera
tivelanguage.googleapis.com
/generate_content_free_tier
_requests, limit: 0, 
model: gemini-2.5-pro\n* 
Quota exceeded for metric: 
generativelanguage.googleap
is.com/generate_content_fre
e_tier_requests, limit: 0, 
model: gemini-2.5-pro\n* 
Quota exceeded for metric: 
generativelanguage.googleap
is.com/generate_content_fre
e_tier_input_token_count, 
limit: 0, model: 
gemini-2.5-pro\nPlease 
retry in 16.358013665s.","s
tatus":"RESOURCE_EXHAUSTED"
,"details":[{"@type":"type.
googleapis.com/google.rpc.H
elp","links":[{"description
":"Learn more about Gemini 
API quotas","url":"https://
ai.google.dev/gemini-api/do
cs/rate-limits"}]},{"@type"
:"type.googleapis.com/googl
e.rpc.QuotaFailure","violat
ions":[{"quotaMetric":"gene
rativelanguage.googleapis.c
om/generate_content_free_ti
er_input_token_count","quot
aId":"GenerateContentInputT
okensPerModelPerMinute-Free
Tier","quotaDimensions":{"m
odel":"gemini-2.5-pro","loc
ation":"global"}},{"quotaMe
tric":"generativelanguage.g
oogleapis.com/generate_cont
ent_free_tier_requests","qu
otaId":"GenerateRequestsPer
MinutePerProjectPerModel-Fr
eeTier","quotaDimensions":{
"location":"global","model"
:"gemini-2.5-pro"}},{"quota
Metric":"generativelanguage
.googleapis.com/generate_co
ntent_free_tier_requests","
quotaId":"GenerateRequestsP
erDayPerProjectPerModel-Fre
eTier","quotaDimensions":{"
model":"gemini-2.5-pro","lo
cation":"global"}},{"quotaM
etric":"generativelanguage.
googleapis.com/generate_con
tent_free_tier_input_token_
count","quotaId":"GenerateC
ontentInputTokensPerModelPe
rDay-FreeTier","quotaDimens
ions":{"location":"global",
"model":"gemini-2.5-pro"}}]
},{"@type":"type.googleapis
.com/google.rpc.RetryInfo",
"retryDelay":"16s"}]}}
At line:1 char:1
+ node test-gemini.js > 
test-output.txt 2>&1
+ ~~~~~~~~~~~~~~~~~~~~~~~~~
~~~~~~~~~~~~~~~~~
    + CategoryInfo         
     : NotSpecified: (ERR  
  OR: ApiError...elay":"   
 16s"}]}}:String) [], R    
emoteException
    + FullyQualifiedErrorI 
   d : NativeCommandError
 
    at throwErrorIfNotOK (C
:\Users\tteth\Downloads\bea
vertrails\beavertrails\node
_modules\@google\genai\dist
\node\index.cjs:12706:30)
    at process.processTicks
AndRejections (node:interna
l/process/task_queues:105:5
)
    at async C:\Users\tteth
\Downloads\beavertrails\bea
vertrails\node_modules\@goo
gle\genai\dist\node\index.c
js:12409:13
    at async 
Models.generateContent (C:\
Users\tteth\Downloads\beave
rtrails\beavertrails\node_m
odules\@google\genai\dist\n
ode\index.cjs:13810:24)
    at async run (C:\Users\
tteth\Downloads\beavertrail
s\beavertrails\test-gemini.
js:7:22) {
  status: 429
}
